yarn run v1.22.22
$ C:\Users\skim\Projects\hlsMaker\node_modules\.bin\tsc --noEmit
src/components/ui/ControlsAndProgressBarAtBottom/ControlsAndProgressBarAtBottom.tsx(2,23): error TS6133: 'RotateCcw' is declared but its value is never read.
src/components/ui/ControlsAndProgressBarAtBottom/ControlsAndProgressBarAtBottom.tsx(5,38): error TS6133: 'cn' is declared but its value is never read.
src/components/ui/ControlsAndProgressBarAtBottom/ControlsAndProgressBarAtBottom.tsx(22,55): error TS6133: 'restartPlayback' is declared but its value is never read.
node.exe : error Command failed 
with exit code 2.
위치 C:\Program 
Files\nodejs\yarn.ps1:16 문자:5
+     & "$basedir/node$exe"  "$ba
sedir/node_modules/yarn/bin/yarn.
js" $ ...
+     ~~~~~~~~~~~~~~~~~~~~~~~~~~~
~~~~~~~~~~~~~~~~~~~~~~~~~~~~~~~~~
~~~~~
    + CategoryInfo          : No 
   tSpecified: (error Command f  
  ailed with exit code 2.:Stri   
 ng) [], RemoteException
    + FullyQualifiedErrorId : Na 
   tiveCommandError
 
info Visit https://yarnpkg.com/en/docs/cli/run for documentation about this command.
